[2026-08-16 05:38:46] Starting system health check...
[2026-08-16 05:38:46] Disk Usage OK: 1\%
[2026-08-16 05:38:46] Memory Usage OK: 32\%
[2026-08-16 05:38:46] CPU Usage OK: 9\%
[2026-08-16 05:38:46] Service 'cron' is running.
[2026-08-16 05:38:46] Health check completed.
-------------------------------
[2026-08-16 05:40:50] Starting system health check...
[2026-08-16 05:40:50] Disk Usage OK: 1\%
[2026-08-16 05:40:50] [WARNING]High Memory Usage detected: 32\% (Threshold:1%)
[2026-08-16 05:40:50] [WARNING]High CPU Load detected: 4\% (Threshold:1%)
[2026-08-16 05:40:50] Service 'cron' is running.
[2026-08-16 05:40:50] Health check completed.
-------------------------------
[2026-08-16 05:43:35] Starting system health check...
[2026-08-16 05:43:35] Disk Usage OK: 1\%
[2026-08-16 05:43:35] Memory Usage OK: 32\%
[2026-08-16 05:43:35] CPU Usage OK: 3\%
[2026-08-16 05:43:35] [CRITICAL]Service 'cron' is DOWN! Attempting auto-restart...
[2026-08-16 05:43:35] [RECOVERY]Service 'cron' successfully restarted.
[2026-08-16 05:43:35] Health check completed.
-------------------------------
[2026-08-16 05:53:44] Starting system health check...
[2026-08-16 05:53:44] Disk Usage OK: 1\%
[2026-08-16 05:53:44] Memory Usage OK: 32\%
[2026-08-16 05:53:44] CPU Usage OK: 2\%
[2026-08-16 05:53:44] Service 'cron' is running.
[2026-08-16 05:53:44] Health check completed.
-------------------------------
