[Fri Aug 14 04:08:08 PKT 2026] Starting backup of /home/ali_faizan/devops/CRON_jobs/LAB_1...
[Fri Aug 14 04:08:08 PKT 2026] Backup successfully created: /home/ali_faizan/devops/CRON_jobs/LAB_2/backups/log_backup_2026-08-14_040808.tar.gz
[Fri Aug 14 04:08:08 PKT 2026] Cleaning up backups older than 7 days...
[Fri Aug 14 04:08:08 PKT 2026] Backup job completed successfully.
----------------------------------------------------------------------------
[Fri Aug 14 04:09:08 PKT 2026] Starting backup of /home/ali_faizan/devops/CRON_jobs/LAB_1...
[Fri Aug 14 04:09:08 PKT 2026] Backup successfully created: /home/ali_faizan/devops/CRON_jobs/LAB_2/backups/log_backup_2026-08-14_040908.tar.gz
[Fri Aug 14 04:09:08 PKT 2026] Cleaning up backups older than 7 days...
[Fri Aug 14 04:09:08 PKT 2026] Backup job completed successfully.
----------------------------------------------------------------------------
[Fri Aug 14 04:10:05 PKT 2026] Starting backup of /home/ali_faizan/devops/CRON_jobs/LAB_1...
[Fri Aug 14 04:10:05 PKT 2026] Backup successfully created: /home/ali_faizan/devops/CRON_jobs/LAB_2/backups/log_backup_2026-08-14_041005.tar.gz
[Fri Aug 14 04:10:05 PKT 2026] Cleaning up backups older than 7 days...
[Fri Aug 14 04:10:05 PKT 2026] Backup job completed successfully.
----------------------------------------------------------------------------
[Fri Aug 14 04:11:08 PKT 2026] Starting backup of /home/ali_faizan/devops/CRON_jobs/LAB_1...
[Fri Aug 14 04:11:08 PKT 2026] Backup successfully created: /home/ali_faizan/devops/CRON_jobs/LAB_2/backups/log_backup_2026-08-14_041108.tar.gz
[Fri Aug 14 04:11:08 PKT 2026] Cleaning up backups older than 7 days...
[Fri Aug 14 04:11:08 PKT 2026] Backup job completed successfully.
----------------------------------------------------------------------------
