===sytstem health check Fri Aug 14 02:48:07 PKT 2026 ===
   up-time: up 1 hour, 7 minutes
   disk usage:
Used: 2.7G / Free: 953G (1% used)
----------------------------------------
===sytstem health check Fri Aug 14 02:49:07 PKT 2026 ===
   up-time: up 1 hour, 7 minutes
   disk usage:
Used: 2.7G / Free: 953G (1% used)
----------------------------------------
===sytstem health check Fri Aug 14 02:50:04 PKT 2026 ===
   up-time: up 1 hour, 8 minutes
   disk usage:
Used: 2.7G / Free: 953G (1% used)
----------------------------------------
===sytstem health check Fri Aug 14 02:51:07 PKT 2026 ===
   up-time: up 1 hour, 9 minutes
   disk usage:
Used: 2.7G / Free: 953G (1% used)
----------------------------------------
===sytstem health check Fri Aug 14 02:52:07 PKT 2026 ===
   up-time: up 1 hour, 10 minutes
   disk usage:
Used: 2.7G / Free: 953G (1% used)
----------------------------------------
